// Jest Snapshot v1, https://goo.gl/fbAQLP

exports[`Desktop Design should render Desktop Design 1`] = `
<div
  className="mainContent"
>
  <div
    className="header"
  >
    <div
      className="root"
    >
      <div
        className="logo"
      >
        <a
          href="/"
          onClick={[Function]}
        >
          <img
            alt="Homecredit"
            height="40"
            src="logo-inverse.png"
          />
        </a>
      </div>
    </div>
  </div>
  <div
    className="headerDesktop container"
  >
    <div
      className="benefits"
    >
      <img
        alt="40 years"
        src="40_years.svg"
      />
      <div
        className="benefitsDescription"
      >
        <p>
          Vay tiền
          <strong>
            Nhanh, An Toàn
          </strong>
          <strong>
            & Đơn giản
          </strong>
        </p>
        <ul>
          <li>
            Đăng ký khoản vay chỉ trong 
            <strong>
              2 phút
            </strong>
          </li>
          <li>
            Nhận tiền ngay
          </li>
        </ul>
      </div>
    </div>
    <div
      className="benefitsSecond"
    >
      <button
        onClick={[Function]}
      >
        TÔI MUỐN VAY TIỀN 
        <img
          alt="arrow down"
          src="arrow_down.svg"
        />
      </button>
      <p>
        Chỉ với 
        <strong>
          3 bước đơn giản
        </strong>
         để vay tiền mặt
      </p>
    </div>
  </div>
  <div
    className="container"
    id="main-view"
  >
    <div
      className="row boxWrapper"
    >
      <div
        className="col-xl-3 boxAside boxIcon"
      >
        <img
          alt="benefit"
          src="desktop_icon_1.png"
        />
        <img
          alt="benefit"
          src="desktop_icon_2.png"
        />
        <img
          alt="benefit"
          src="desktop_icon_3.png"
        />
      </div>
      <div
        className="col-xl-5 col-12 boxMain"
        style={
          Object {
            "position": "relative",
          }
        }
      >
        <div
          className="componentContent"
        >
          <div
            className="componentBorder"
          >
            <div />
          </div>
        </div>
      </div>
      <div
        className="col-xl-3 desktopBoxs boxAside"
      >
        <div
          className="desktopBoxAside"
        >
          <p
            className="boxAsideTitle"
          >
            Đối Tượng Vay
          </p>
          <p
            className="boxAsideDescription"
          >
            • Mọi công dân Việt Nam trong độ tuổi từ 20 tới 60 tuổi và không phải là khách hàng hiện hữu của Home Credit
          </p>
        </div>
        <div
          className="desktopBoxAside"
        >
          <p
            className="boxAsideTitle"
          >
            Hồ sơ vay rất đơn giản
          </p>
          <p
            className="boxAsideDescription"
          >
            • Chỉ cần CMND và Bằng Lái hoặc Hộ Khẩu
          </p>
        </div>
        <div
          className="desktopBoxAside"
        >
          <p
            className="boxAsideTitle"
          >
            Thời gian nhận tiền nhanh
          </p>
          <p
            className="boxAsideDescription"
          >
            • Bạn có thể nhận ngay sau khi hoàn tất hợp đồng
          </p>
        </div>
      </div>
    </div>
  </div>
  <div
    className="footer"
  >
    <div
      className="root"
    >
      <div
        className="container"
      >
        <span
          className="text"
        >
          © 2018 Bản quyền thuộc về Home Credit
        </span>
      </div>
    </div>
  </div>
</div>
`;
