// Jest Snapshot v1, https://goo.gl/fbAQLP

exports[`Alert snapshot 1`] = `
<div>
  <div
    className=""
  >
    <div
      className="Modal_modal__2AD1n"
      onClick={[Function]}
    >
      <div
        className="Modal_modalContent__LCdOb"
      >
        <div
          className="Modal_modalBody__9wxhI"
        >
          <div
            className="modalBody"
          >
            <h3
              className="modalTitle"
            >
              Lỗi xãy ra
            </h3>
            <p>
              Something happend!
            </p>
          </div>
        </div>
        <div
          className="Modal_modalFooter__3QMxu"
        >
          <div
            className="modalFooter"
            onClick={[Function]}
          >
            <h4>
              Tôi đã hiểu
            </h4>
          </div>
        </div>
      </div>
    </div>
  </div>
</div>
`;
