// Jest Snapshot v1, https://goo.gl/fbAQLP

exports[`Loading snapshot 1`] = `
<div
  className="FullLoading_wrapper__2oo9M FullLoading_wrapperFullPage__1OMTm"
>
  <svg
    className="Cycle_circular__2Unpq"
    viewBox="25 25 50 50"
  >
    <circle
      className="Cycle_path__2mEbu"
      cx="50"
      cy="50"
      fill="none"
      r="20"
      strokeMiterlimit="10"
      strokeWidth="3"
    />
  </svg>
</div>
`;
