// Jest Snapshot v1, https://goo.gl/fbAQLP

exports[`Finished snapshot 1`] = `
Array [
  <div
    className="finished"
  >
    <p
      className="phrase"
    >
      Bạn đã thực hiện đăng ký thiết bị vào lúc
       
      Invalid date
       ngày
       
      Invalid date
      .
    </p>
    <p
      className="phrase"
    >
      Xin Cảm ơn!
    </p>
  </div>,
  <button
    className="Button_buttonReset__3cQTl Button_button__2pQRN btnUnRegister"
    disabled={false}
    onClick={[Function]}
    title=""
    type="button"
  >
    Hủy đăng ký
  </button>,
]
`;
