// Jest Snapshot v1, https://goo.gl/fbAQLP

exports[`Home snapshot 1`] = `
<div
  className="container"
>
  <p
    className="welcome"
  >
    Chào mừng bạn đến với hệ thống đăng ký thiết bị của HomeCredit.
  </p>
  <div>
    <div
      className="Input_wrapper__WALTg"
    >
      <i
        className="material-icons Input_icon__1jjsS"
      >
        
      </i>
      <input
        accept=""
        autoComplete=""
        className="Input_input__1IXXH"
        disabled={false}
        id=""
        maxLength={null}
        name="phoneNumber"
        onBlur={[Function]}
        onChange={[Function]}
        onFocus={[Function]}
        onMouseDown={[Function]}
        placeholder=""
        readOnly={false}
        type="text"
        value=""
      />
      <label
        className="Input_label__2ZxWx"
        htmlFor=""
      >
        Nhập số điện thoại nhận OTP
      </label>
      <div
        className="Input_underline__Xwqb3"
      />
    </div>
    <button
      className="Button_buttonReset__3cQTl Button_button__2pQRN btnSendOTP"
      disabled={false}
      onClick={[Function]}
      title=""
      type="button"
    >
      Gửi OTP
    </button>
  </div>
  
</div>
`;
